+--------------+-----------------+--------------+
| student_name | instructor_name | course_count |
+--------------+-----------------+--------------+
| Bourikas     | Srinivasan      | 2            |
| Levy         | Katz            | 2            |
| Shankar      | Srinivasan      | 3            |
| Tanaka       | Crick           | 2            |
| Zhang        | Srinivasan      | 2            |
+--------------+-----------------+--------------+
